=== previous tool done then active empty next iteration renders pulse ===
  · ✓ Previous read succeeded
  ◇◇◇◇◇

=== previous content plus tool then active fallback stream text ===
previous content before current stream

  · ✓ Previous glob succeeded

current assistant fallback stream

=== previous reasoning plus tool then active thinking overrides fallback ===
╭ Reasoning ─────────────────────────────────────────────────────────────────╮
│ previous reasoning                                                         │
╰────────────────────────────────────────────────────────────────────────────╯

  · ✓ Previous read after reasoning

current thinking text

=== previous tool then active reasoning stream does not render pulse ===
  · ✓ Previous tool before reasoning

╭ Reasoning ─────────────────────────────────────────────────────────────────╮
│ current reasoning stream only                                              │
╰────────────────────────────────────────────────────────────────────────────╯

=== previous success and failure then active stream with success failure running ===
  · ✓ Previous tool succeeded
  · ✗ Previous tool failed

current streamed content

  · ✓ Current active succeeded
  · ✗ Current active failed
  · ◌ Current active running 1.5s

=== multiple previous tool only iterations then active running tool ===
  · ✓ Iter one completed
  · ✗ Iter two failed
  · ◌ Iter three still running 2.4s

=== previous content then active reasoning plus mixed tools ===
previous content only

  · ✓ Previous second iter done

╭ Reasoning ─────────────────────────────────────────────────────────────────╮
│ current reasoning before tools                                             │
╰────────────────────────────────────────────────────────────────────────────╯

  · ✓ Current read succeeded
  · ✗ Current edit failed
  · ◌ Current shell running 2.4s

=== previous reasoning then active content plus completed tools ===
╭ Reasoning ─────────────────────────────────────────────────────────────────╮
│ previous reasoning only                                                    │
╰────────────────────────────────────────────────────────────────────────────╯

previous content and done tool

  · ✓ Previous done tool

current content before completed tools

  · ✓ Current glob completed
  · ✗ Current patch failed

=== multiple previous iterations then active subagents only ===
  · ✓ Previous tool done

previous content before subagent

└── ◐ explore [alpha]: map rendering behavior
    └── ◐ test [beta]: verify snapshots
